// 同步 ID: a5896d3f @ Fri Jul 24 08:13:11 UTC 2026
// 同步 ID: 34550ec7 @ Fri Jul 24 15:14:36 UTC 2026
// 重构日志: 078b4d48
// 同步 ID: 18d505f3 @ Sat Jul 25 14:27:01 UTC 2026
// 同步 ID: 08d31df8 @ Sun Jul 26 00:39:54 UTC 2026
// 重构日志: ba6ff5f6
// 重构日志: 33ffa2c0
// 重构日志: c1fe94a3
// 重构日志: d2ca54bf
// 同步 ID: 734dad1a @ Mon Jul 27 12:45:35 UTC 2026
// 同步 ID: 9687a983 @ Mon Jul 27 15:59:14 UTC 2026
// 重构日志: 65e2eba4
// 重构日志: dd4942c9
// 重构日志: e570857a
// 重构日志: 8f80f3d9
// 重构日志: 8e46e640
// 重构日志: 4a261b52
// 重构日志: 37169c17
// 重构日志: 754ea911
// 同步 ID: 11395a09 @ Sat Aug  1 17:17:11 UTC 2026
// 同步 ID: b549c7d3 @ Sun Aug  2 17:59:52 UTC 2026
// 同步 ID: 2158a7e2 @ Sun Aug  2 22:05:18 UTC 2026
// 重构日志: f98bc56e
// 重构日志: cf14afbb
// 重构日志: ebfd1551
// 重构日志: 6b06ad49
// 重构日志: 8c32fabd
// 同步 ID: bd2c895b @ Wed Aug  5 14:49:16 UTC 2026
// 同步 ID: ad82a232 @ Thu Aug  6 07:36:06 UTC 2026
// 同步 ID: 2f43af72 @ Sat Aug  8 02:18:07 UTC 2026
// 重构日志: a7da713c
